scons: Reading SConscript files ...
running with -j 13
ENV: SCons cache directory , does not exist.
ENV: SCons cache disabled
ENV: GCC 'bin' folder: C:/Program Files (x86)/Arm GNU Toolchain arm-none-eabi/13.2 Rel1\bin
ENV: LLVM 'bin' folder: C:/LLVM-ET-Arm-18.1.3-Windows-x86_64\bin
['env_cfg\\baseline_project.xml']
tool chain: llvm
Project:  None
Board:  ra8p1_ek

=============================================================================================================================
Project: baseline_project flat debug - 1 builds 
 - ['llvm']
 - ['ra8p1_ek'] 
=============================================================================================================================
Building elf:build\baseline_project\ra8p1_ek\llvm\build_baseline_project_typical_debug\build_baseline_project_typical_debug.elf
AttributeError: 'Values' object has no attribute 'skip_srec_check':
  File "C:\aidebugger_cli_poc\src\baseline_projects\develop\baseline_project\SConstruct", line 1411:
    build.do_builds()
  File "C:\aidebugger_cli_poc\src\baseline_projects\develop\baseline_project\SConstruct", line 246:
    self._do_build(o_level, project, toolchain, board)
  File "C:\aidebugger_cli_poc\src\baseline_projects\develop\baseline_project\SConstruct", line 565:
    if not GetOption('skip_srec_check'):
  File "C:\Users\vunguyen8\AppData\Local\Programs\Python\Python310\lib\site-packages\SCons\Script\Main.py", line 550:
    return getattr(OptionsParser.values, name)
  File "C:\Users\vunguyen8\AppData\Local\Programs\Python\Python310\lib\site-packages\SCons\Script\SConsOptions.py", line 118:
    return getattr(self.__dict__['__defaults__'], attr)
