Collecting mera==2.5.0+pkg.3019
  Using cached https://github.com/renesas/ruhmi-framework-mcu/raw/refs/tags/Release-2025-11-28/install/mera-2.5.0+pkg.3019-cp310-cp310-win_amd64.whl (23.2 MB)
Collecting onnx==1.17.0
  Using cached onnx-1.17.0-cp310-cp310-win_amd64.whl (14.5 MB)
Collecting tflite==2.18.0
  Using cached tflite-2.18.0-py2.py3-none-any.whl (153 kB)
Collecting numpy>=1.20
  Using cached numpy-2.2.6-cp310-cp310-win_amd64.whl (12.9 MB)
Collecting protobuf>=3.20.2
  Downloading protobuf-6.33.2-cp310-abi3-win_amd64.whl (436 kB)
     ------------------------------------ 436.9/436.9 KB 350.0 kB/s eta 0:00:00
Collecting flatbuffers
  Using cached flatbuffers-25.9.23-py2.py3-none-any.whl (30 kB)
Collecting portalocker
  Using cached portalocker-3.2.0-py3-none-any.whl (22 kB)
Collecting PyYAML
  Using cached pyyaml-6.0.3-cp310-cp310-win_amd64.whl (158 kB)
Collecting numpy>=1.20
  Using cached numpy-1.26.4-cp310-cp310-win_amd64.whl (15.8 MB)
Collecting tensorflow==2.18.0
  Using cached tensorflow-2.18.0-cp310-cp310-win_amd64.whl (7.5 kB)
Collecting tabulate
  Using cached tabulate-0.9.0-py3-none-any.whl (35 kB)
Collecting tqdm
  Using cached tqdm-4.67.1-py3-none-any.whl (78 kB)
Collecting pytest
  Downloading pytest-9.0.2-py3-none-any.whl (374 kB)
     ------------------------------------ 374.8/374.8 KB 295.4 kB/s eta 0:00:00
Collecting ethos-u-vela==4.2.0
  Using cached ethos_u_vela-4.2.0-cp310-cp310-win_amd64.whl (1.5 MB)
Collecting matplotlib
  Downloading matplotlib-3.10.8-cp310-cp310-win_amd64.whl (8.1 MB)
     ---------------------------------------- 8.1/8.1 MB 353.9 kB/s eta 0:00:00
Collecting seaborn
  Using cached seaborn-0.13.2-py3-none-any.whl (294 kB)
Collecting lxml>=4.5.2
  Using cached lxml-6.0.2-cp310-cp310-win_amd64.whl (4.0 MB)
Collecting flatbuffers
  Using cached flatbuffers-24.3.25-py2.py3-none-any.whl (26 kB)
Collecting tensorflow-intel==2.18.0
  Using cached tensorflow_intel-2.18.0-cp310-cp310-win_amd64.whl (390.0 MB)
Collecting ml-dtypes<0.5.0,>=0.4.0
  Using cached ml_dtypes-0.4.1-cp310-cp310-win_amd64.whl (126 kB)
Collecting six>=1.12.0
  Using cached six-1.17.0-py2.py3-none-any.whl (11 kB)
Collecting grpcio<2.0,>=1.24.3
  Using cached grpcio-1.76.0-cp310-cp310-win_amd64.whl (4.7 MB)
Collecting wrapt>=1.11.0
  Using cached wrapt-2.0.1-cp310-cp310-win_amd64.whl (60 kB)
Collecting tensorflow-io-gcs-filesystem>=0.23.1
  Using cached tensorflow_io_gcs_filesystem-0.31.0-cp310-cp310-win_amd64.whl (1.5 MB)
Collecting tensorboard<2.19,>=2.18
  Using cached tensorboard-2.18.0-py3-none-any.whl (5.5 MB)
Collecting protobuf>=3.20.2
  Using cached protobuf-5.29.5-cp310-abi3-win_amd64.whl (434 kB)
Collecting h5py>=3.11.0
  Using cached h5py-3.15.1-cp310-cp310-win_amd64.whl (2.9 MB)
Collecting termcolor>=1.1.0
  Using cached termcolor-3.2.0-py3-none-any.whl (7.7 kB)
Collecting packaging
  Using cached packaging-25.0-py3-none-any.whl (66 kB)
Collecting absl-py>=1.0.0
  Using cached absl_py-2.3.1-py3-none-any.whl (135 kB)
Collecting keras>=3.5.0
  Using cached keras-3.12.0-py3-none-any.whl (1.5 MB)
Collecting requests<3,>=2.21.0
  Using cached requests-2.32.5-py3-none-any.whl (64 kB)
Collecting libclang>=13.0.0
  Using cached libclang-18.1.1-py2.py3-none-win_amd64.whl (26.4 MB)
Collecting astunparse>=1.6.0
  Using cached astunparse-1.6.3-py2.py3-none-any.whl (12 kB)
Collecting typing-extensions>=3.6.6
  Using cached typing_extensions-4.15.0-py3-none-any.whl (44 kB)
Collecting gast!=0.5.0,!=0.5.1,!=0.5.2,>=0.2.1
  Using cached gast-0.7.0-py3-none-any.whl (22 kB)
Requirement already satisfied: setuptools in c:\work\rhumi\.venv\lib\site-packages (from tensorflow-intel==2.18.0->tensorflow==2.18.0->mera==2.5.0+pkg.3019->-r https://Tool-support.renesas.com/tool-support/Zoo/MCT/requirements.txt (line 1)) (58.1.0)
Collecting google-pasta>=0.1.1
  Using cached google_pasta-0.2.0-py3-none-any.whl (57 kB)
Collecting opt-einsum>=2.3.2
  Using cached opt_einsum-3.4.0-py3-none-any.whl (71 kB)
Collecting pyparsing>=3
  Using cached pyparsing-3.2.5-py3-none-any.whl (113 kB)
Collecting contourpy>=1.0.1
  Using cached contourpy-1.3.2-cp310-cp310-win_amd64.whl (221 kB)
Collecting python-dateutil>=2.7
  Using cached python_dateutil-2.9.0.post0-py2.py3-none-any.whl (229 kB)
Collecting pillow>=8
  Using cached pillow-12.0.0-cp310-cp310-win_amd64.whl (7.0 MB)
Collecting kiwisolver>=1.3.1
  Using cached kiwisolver-1.4.9-cp310-cp310-win_amd64.whl (73 kB)
Collecting fonttools>=4.22.0
  Downloading fonttools-4.61.1-cp310-cp310-win_amd64.whl (1.6 MB)
     ---------------------------------------- 1.6/1.6 MB 391.2 kB/s eta 0:00:00
Collecting cycler>=0.10
  Using cached cycler-0.12.1-py3-none-any.whl (8.3 kB)
Collecting pywin32>=226
  Using cached pywin32-311-cp310-cp310-win_amd64.whl (9.6 MB)
Collecting tomli>=1
  Using cached tomli-2.3.0-py3-none-any.whl (14 kB)
Collecting pygments>=2.7.2
  Using cached pygments-2.19.2-py3-none-any.whl (1.2 MB)
Collecting colorama>=0.4
  Using cached colorama-0.4.6-py2.py3-none-any.whl (25 kB)
Collecting pluggy<2,>=1.5
  Using cached pluggy-1.6.0-py3-none-any.whl (20 kB)
Collecting exceptiongroup>=1
  Using cached exceptiongroup-1.3.1-py3-none-any.whl (16 kB)
Collecting iniconfig>=1.0.1
  Using cached iniconfig-2.3.0-py3-none-any.whl (7.5 kB)
Collecting pandas>=1.2
  Using cached pandas-2.3.3-cp310-cp310-win_amd64.whl (11.3 MB)
Collecting tzdata>=2022.7
  Downloading tzdata-2025.3-py2.py3-none-any.whl (348 kB)
     ------------------------------------ 348.5/348.5 KB 401.3 kB/s eta 0:00:00
Collecting pytz>=2020.1
  Using cached pytz-2025.2-py2.py3-none-any.whl (509 kB)
Collecting wheel<1.0,>=0.23.0
  Using cached wheel-0.45.1-py3-none-any.whl (72 kB)
Collecting namex
  Using cached namex-0.1.0-py3-none-any.whl (5.9 kB)
Collecting rich
  Using cached rich-14.2.0-py3-none-any.whl (243 kB)
Collecting optree
  Using cached optree-0.18.0-cp310-cp310-win_amd64.whl (302 kB)
Collecting idna<4,>=2.5
  Using cached idna-3.11-py3-none-any.whl (71 kB)
Collecting charset_normalizer<4,>=2
  Using cached charset_normalizer-3.4.4-cp310-cp310-win_amd64.whl (107 kB)
Collecting certifi>=2017.4.17
  Using cached certifi-2025.11.12-py3-none-any.whl (159 kB)
Collecting urllib3<3,>=1.21.1
  Downloading urllib3-2.6.2-py3-none-any.whl (131 kB)
     ------------------------------------ 131.2/131.2 KB 198.6 kB/s eta 0:00:00
Collecting werkzeug>=1.0.1
  Using cached werkzeug-3.1.4-py3-none-any.whl (224 kB)
Collecting markdown>=2.6.8
  Using cached markdown-3.10-py3-none-any.whl (107 kB)
Collecting tensorboard-data-server<0.8.0,>=0.7.0
  Using cached tensorboard_data_server-0.7.2-py3-none-any.whl (2.4 kB)
Collecting markupsafe>=2.1.1
  Using cached markupsafe-3.0.3-cp310-cp310-win_amd64.whl (15 kB)
Collecting markdown-it-py>=2.2.0
  Using cached markdown_it_py-4.0.0-py3-none-any.whl (87 kB)
Collecting mdurl~=0.1
  Using cached mdurl-0.1.2-py3-none-any.whl (10.0 kB)
Installing collected packages: pywin32, pytz, namex, libclang, flatbuffers, wrapt, wheel, urllib3, tzdata, typing-extensions, tomli, termcolor, tensorflow-io-gcs-filesystem, tensorboard-data-server, tabulate, six, PyYAML, pyparsing, pygments, protobuf, portalocker, pluggy, pillow, packaging, opt-einsum, numpy, mdurl, markupsafe, markdown, lxml, kiwisolver, iniconfig, idna, gast, fonttools, cycler, colorama, charset_normalizer, certifi, absl-py, werkzeug, tqdm, tflite, requests, python-dateutil, optree, onnx, ml-dtypes, markdown-it-py, h5py, grpcio, google-pasta, exceptiongroup, ethos-u-vela, contourpy, astunparse, tensorboard, rich, pytest, pandas, matplotlib, seaborn, keras, tensorflow-intel, tensorflow, mera
Successfully installed PyYAML-6.0.3 absl-py-2.3.1 astunparse-1.6.3 certifi-2025.11.12 charset_normalizer-3.4.4 colorama-0.4.6 contourpy-1.3.2 cycler-0.12.1 ethos-u-vela-4.2.0 exceptiongroup-1.3.1 flatbuffers-24.3.25 fonttools-4.61.1 gast-0.7.0 google-pasta-0.2.0 grpcio-1.76.0 h5py-3.15.1 idna-3.11 iniconfig-2.3.0 keras-3.12.0 kiwisolver-1.4.9 libclang-18.1.1 lxml-6.0.2 markdown-3.10 markdown-it-py-4.0.0 markupsafe-3.0.3 matplotlib-3.10.8 mdurl-0.1.2 mera-2.5.0+pkg.3019 ml-dtypes-0.4.1 namex-0.1.0 numpy-1.26.4 onnx-1.17.0 opt-einsum-3.4.0 optree-0.18.0 packaging-25.0 pandas-2.3.3 pillow-12.0.0 pluggy-1.6.0 portalocker-3.2.0 protobuf-5.29.5 pygments-2.19.2 pyparsing-3.2.5 pytest-9.0.2 python-dateutil-2.9.0.post0 pytz-2025.2 pywin32-311 requests-2.32.5 rich-14.2.0 seaborn-0.13.2 six-1.17.0 tabulate-0.9.0 tensorboard-2.18.0 tensorboard-data-server-0.7.2 tensorflow-2.18.0 tensorflow-intel-2.18.0 tensorflow-io-gcs-filesystem-0.31.0 termcolor-3.2.0 tflite-2.18.0 tomli-2.3.0 tqdm-4.67.1 typing-extensions-4.15.0 tzdata-2025.3 urllib3-2.6.2 werkzeug-3.1.4 wheel-0.45.1 wrapt-2.0.1
WARNING: You are using pip version 22.0.4; however, version 25.3 is available.
You should consider upgrading via the 'C:\work\rhumi\.venv\Scripts\python.exe -m pip install --upgrade pip' command.
Exit code: 0